// Jest Snapshot v1, https://goo.gl/fbAQLP

exports[`SurveyCreator should render correctly 1`] = `
<form
  class="loginform"
>
  <div
    class="form-group"
  >
    <label
      class="label-header"
      for="exampleInputEmail1"
    >
      Email address
    </label>
    <input
      aria-describedby="emailHelp"
      class="form-control"
      id="exampleInputEmail1"
      placeholder="Enter email"
      type="email"
    />
  </div>
  <div
    class="form-group"
  >
    <label
      class="label-header"
      for="exampleInputPassword1"
    >
      Password
    </label>
    <input
      class="form-control"
      id="exampleInputPassword1"
      placeholder="Password"
      type="password"
    />
  </div>
  <div
    class="form-check"
  >
    <label
      class="form-check-label"
    >
      <input
        class="form-check-input"
        type="checkbox"
        value=""
      />
      Option one is this
      <span
        class="form-check-sign"
      >
        <span
          class="check"
        />
      </span>
    </label>
  </div>
  <button
    class="btn btn-primary"
    type="submit"
  >
    Submit
  </button>
</form>
`;
