// Jest Snapshot v1, https://goo.gl/fbAQLP

exports[`SurveyCreator should render correctly 1`] = `
<div>
  <div
    id="surveyCreatorContainer"
  />
</div>
`;
