// Jest Snapshot v1, https://goo.gl/fbAQLP

exports[`User page should render correctly 1`] = `
<UserProfile
  classes={
    Object {
      "cardCategoryWhite": "UserProfile-cardCategoryWhite-1",
      "cardTitleWhite": "UserProfile-cardTitleWhite-2",
    }
  }
/>
`;
